--------- beginning of system
08-25 17:45:00.822  2751  2872 V WindowManagerShell: Transition requested: android.os.BinderProxy@5dad4ed TransitionRequestInfo { type = CLOSE, triggerTask = null, remoteTransition = null, displayChange = null }
08-25 17:45:00.822  1771  3002 W WindowManager: Changing focus from Window{7f5018a u0 com.example.demo/com.example.demo.MainActivity} to null displayId=0 Callers=com.android.server.wm.RootWindowContainer.updateFocusedWindowLocked:561 com.android.server.wm.WindowManagerService.updateFocusedWindowLocked:6965 com.android.server.wm.ActivityRecord.onRemovedFromDisplay:5228 com.android.server.wm.DisplayContent.removeAppToken:1757 
08-25 17:45:00.822  1771  1951 W RescuePartyPlus: This device support and enable RescuePartyPlus! (Via cloud control)
08-25 17:45:00.822  1771  3002 I WindowManager: cancelAnimation removed leash : Surface(name=Surface(name=ea4b6c6 NavigationBar0#92)/@0xaa29b4 - animation-leash of insets_animation#466492)/@0x58828ad
--------- beginning of main
08-25 17:45:00.822  1026  1788 E BufferQueueDebug: [Surface(name=ea4b6c6 NavigationBar0#92)/@0xaa29b4 - animation-leash of insets_animation#466498](this:0xb40000717c831a50,id:-1,api:0,p:-1,c:-1) id info cannot be read from 'Surface(name=ea4b6c6 NavigationBar0#92)/@0xaa29b4 - animation-leash of insets_animation#466498'
08-25 17:45:00.823  1026  1788 I BufferQueueDebug: [Surface(name=ea4b6c6 NavigationBar0#92)/@0xaa29b4 - animation-leash of insets_animation#466498](this:0xb40000717c831a50,id:-1,api:0,p:-1,c:-1) BufferQueue core=(1026:/system/bin/surfaceflinger)
08-25 17:45:00.824  1771  3002 I WindowManager: cancelAnimation removed leash : Surface(name=Surface(name=6c66e2a StatusBar#97)/@0x41889b8 - animation-leash of insets_animation#466493)/@0x8a6d773
08-25 17:45:00.824  1026  1788 E BufferQueueDebug: [Surface(name=6c66e2a StatusBar#97)/@0x41889b8 - animation-leash of insets_animation#466499](this:0xb40000717c858a50,id:-1,api:0,p:-1,c:-1) id info cannot be read from 'Surface(name=6c66e2a StatusBar#97)/@0x41889b8 - animation-leash of insets_animation#466499'
08-25 17:45:00.824  1026  1788 I BufferQueueDebug: [Surface(name=6c66e2a StatusBar#97)/@0x41889b8 - animation-leash of insets_animation#466499](this:0xb40000717c858a50,id:-1,api:0,p:-1,c:-1) BufferQueue core=(1026:/system/bin/surfaceflinger)
08-25 17:45:00.825  4591  5205 D DigestGenerator: digest=============com.example.demojava.lang.RuntimeException: Unable to create service id.flutter.flutter_background_service.BackgroundService: android.app.MissingForegroundServiceTypeException: Starting FGS without a type  callerApp=ProcessRecord{XX XX:com.example.demo/ua} targetSDK=XX
08-25 17:45:00.825  4591  5205 D DigestGenerator: at android.app.ActivityThread.handleCreateService(ActivityThread.java:XX)
08-25 17:45:00.825  4591  5205 D DigestGenerator: at android.app.ActivityThread.-$$Nest$mhandleCreateService(Unknown Source:)
08-25 17:45:00.825  4591  5205 D DigestGenerator: at android.app.ActivityThread$H.handleMessage(ActivityThread.java:XX)
08-25 17:45:00.825  4591  5205 D DigestGenerator: at android.os.Handler.dispatchMessage(Handler.java:XX)
08-25 17:45:00.825  4591  5205 D DigestGenerator: at android.os.Looper.loopOnce(Looper.java:XX)
08-25 17:45:00.825  4591  5205 D DigestGenerator: at android.os.Looper.loop(Looper.java:XX)
08-25 17:45:00.825  4591  5205 D DigestGenerator: at android.app.ActivityThread.main(ActivityThread.java:XX)
08-25 17:45:00.825  4591  5205 D DigestGenerator: at java.lang.reflect.Method.invoke(Native Method)
08-25 17:45:00.825  4591  5205 D DigestGenerator: at com.android.internal.os.RuntimeInit$MethodAndArgsCaller.run(RuntimeInit.java:XX)
08-25 17:45:00.825  4591  5205 D DigestGenerator: at com.android.internal.os.ZygoteInit.main(ZygoteInit.java:XX)
08-25 17:45:00.825  4591  5205 D DigestGenerator: Caused by: android.app.MissingForegroundServiceTypeException: Starting FGS without a type  callerApp=ProcessRecord{XX XX:com.example.demo/ua} targetSDK=XX
08-25 17:45:00.825  4591  5205 D DigestGenerator: at android.app.MissingForegroundServiceTypeException$.createFromParcel(MissingForegroundServiceTypeException.java:XX)
08-25 17:45:00.825  4591  5205 D DigestGenerator: at android.app.MissingForegroundServiceTypeException$.createFromParcel(MissingForegroundServiceTypeException.java:XX)
08-25 17:45:00.825  4591  5205 D DigestGenerator: at android.os.Parcel.readParcelableInternal(Parcel.java:XX)
08-25 17:45:00.825  4591  5205 D DigestGenerator: at android.os.Parcel.readParcelable(Parcel.java:XX)
08-25 17:45:00.825  4591  5205 D DigestGenerator: at android.os.Parcel.createExceptionOrNull(Parcel.java:XX)
08-25 17:45:00.825  4591  5205 D DigestGenerator: at android.os.Parcel.createException(Parcel.java:XX)
08-25 17:45:00.825  4591  5205 D DigestGenerator: at android.os.Parcel.readException(Parcel.java:XX)
08-25 17:45:00.825  4591  5205 D DigestGenerator: at android.os.Parcel.readException(Parcel.java:XX)
08-25 17:45:00.825  4591  5205 D DigestGenerator: at android.app.IActivityManager$Stub$Proxy.setServiceForeground(IActivityManager.java:XX)
08-25 17:45:00.825  4591  5205 D DigestGenerator: at android.app.Service.startForeground(Service.java:XX)
08-25 17:45:00.825  4591  5205 D DigestGenerator: at k.XX.a(SourceFile:XX)
08-25 17:45:00.825  4591  5205 D DigestGenerator: at id.flutter.flutter_background_service.BackgroundService.updateNotificationInfo(SourceFile:XX)
08-25 17:45:00.825  4591  5205 D DigestGenerator: at id.flutter.flutter_background_service.BackgroundService.onCreate(SourceFile:XX)
08-25 17:45:00.825  4591  5205 D DigestGenerator: at android.app.ActivityThread.handleCreateService(ActivityThread.java:XX)
08-25 17:45:00.825  1771  3002 D WindowManager: wms.Input focus has changed to null display=0 updateInputWindows = true
08-25 17:45:00.826  1771  3002 I MultiSenceManagerInternalStub: getInstance
08-25 17:45:00.826  1771  3002 D PerfMTKStubImpl: perfLockAcquire
08-25 17:45:00.826  4591  5205 W JavaExceptionHandler: Too noisy! skip duplicate java exception report:com.example.demo now=1756115100826 mLastReportTime=1756115093238 interval=60000
08-25 17:45:00.826  1771  3002 I mtkpower_client: perf_lock_acq, hdl:1583872, dur:400, num:12, pid:1771, tid:3002
08-25 17:45:00.826  4591  5205 W MQSEventManager: begin to storeEvent
08-25 17:45:00.827  4591  5205 W DatabaseUtils: je not allow store to db.
08-25 17:45:00.827  4591  5205 D MQSEventManager: send MSG_JUDGE_TRANSMISSION packageName com.example.demo
08-25 17:45:00.827  4591  5205 W JavaExceptionHandler: Too noisy! skip duplicate java exception report:com.example.demo now=1756115100827 mLastReportTime=1756115093238 interval=60000
08-25 17:45:00.827  4591  5205 W MQSEventManager: Too noisy! Bail the event:com.example.demo type:1
08-25 17:45:00.827  1771  3002 I mtkpower_client: ret_hdl:1583875
08-25 17:45:00.827  1771  3002 I PowerHalWrapper: <amsBoostResume> last:null, next:com.miui.home 
08-25 17:45:00.828  1771  3002 D WindowManager: Collecting in transition 41496: ActivityRecord{382c2a1 u0 com.miui.home/.launcher.Launcher t2} init visibleRequested:false
08-25 17:45:00.828  1771  1935 D ActivityManager: mediaResourceManagerBinder get success
08-25 17:45:00.828   975  1050 I libPowerHal: [perfLockAcq] idx:0 hdl:1583875 hint:-1 pid:1771 tid:3002 duration:400 lock_user:system_server => ret_hdl:1583875
08-25 17:45:00.828   975  1050 I libPowerHal: [setClusterFreq] system_server set cpufreq[0] min:2000000 max:-1 cpufreq[1] min:2500000 max:-1 
08-25 17:45:00.828   975  1050 I libPowerHal: [setGPUFreq] system_server user set gpu freq min:0, max:-1
08-25 17:45:00.828   975  1050 I libPowerHal: system_server: set gpu opp level max: 0
08-25 17:45:00.828  1288  1288 D ResourceManagerService: update package name: com.miui.home
08-25 17:45:00.829   975  1050 I libPowerHal: [setGPUFreq] Soft min/max = (0, 0); Hard min/max = (35, 0)
08-25 17:45:00.829   975  1050 I libPowerHal: [setGPUFreq] final min/max = (0, 0)
08-25 17:45:00.829   975  1050 I libPowerHal: system_server: set gpu opp level: 0
08-25 17:45:00.829   975  1050 I libPowerHal: system_server: set gpu opp level max: 0
08-25 17:45:00.829  1771  3002 W AppStandbyController: Tried to restrict recently used app: com.example.demo due to 1540
08-25 17:45:00.830  2380  2380 D Launcher: Launcher.DeviceConfig onResume bounds = Rect(0, 0 - 1220, 2712)
08-25 17:45:00.830   975  1050 I libPowerHal: [perfLockAcq] idx:5 hdl:1583876 hint:22 pid:975 tid:975 duration:10000 lock_user:vendor.mediatek => ret_hdl:1583876
08-25 17:45:00.830   975  1050 I libPowerHal: [setClusterFreq] MTKPOWER_HINT_PACK_SWITCH set cpufreq[0] min:2000000 max:-1 cpufreq[1] min:2500000 max:-1 
08-25 17:45:00.830  2380  2380 D Launcher.Lifecycle: onResume:UserHandle{0},5908702,false
08-25 17:45:00.830  2380  2380 W Settings: Setting device_provisioned has moved from android.provider.Settings.Secure to android.provider.Settings.Global.
08-25 17:45:00.831   975  1050 I libPowerHal: [perfLockRel] hdl:1583874, idx:12
08-25 17:45:00.831  1771  6227 D WindowManager: Set transition=TransitionRecord{f72c065 id=41496 type=CLOSE flags=0x10}, ready=true, SyncId=41496 
08-25 17:45:00.831  2751  2872 D MiuiFullScreenTaskRepository: removeFocusedTask displayId=0
08-25 17:45:00.832  2751  2872 D MiuiFullScreenTaskRepository: addOrUpdateFullScreenTaskInfo taskId=6484, topActivity=null
08-25 17:45:00.832  1288  1288 D ResourceManagerService: packageName: com.miui.home, uid : 10132, hashCode : 241690589
08-25 17:45:00.832  1288  1288 D ResourceManagerService: ResourceManagerService::setCodecsVppMode
08-25 17:45:00.832  1288  1288 D ResourceManagerService: all codecs setVppMode return fail
08-25 17:45:00.832  2380  2380 D SoscSplitStateController: updateDividerFixedState: isFixed = true
08-25 17:45:00.832  2380  2380 E Launcher.application: setClickAppWaitForCallback = false
08-25 17:45:00.832  2380  2380 D Launcher.FullbackHome: FallbackHomeCompat::needKillSelf::needKillSelf = false
08-25 17:45:00.832  2380  3034 D MiBridge: requestCpuHighFreq---- uid: 10132 level: 1 timeoutms:500
08-25 17:45:00.832  2380  2380 D Launcher_UnlockAnimationStateMachine: onResume = IDLE
08-25 17:45:00.832  2751  2872 D SoScSplitScreenController: updateDividerFixedState isFixed:true
08-25 17:45:00.832  1289  1305 W MiuiBooster: "MiuiBoosterService requestCpuHighFreq: 10132, 1, 500"
08-25 17:45:00.833  2380  2380 I Launcher: changeMIUIWidgetEditMode false
08-25 17:45:00.833  4823  7297 D LauncherOverlay: setActivityState:3
08-25 17:45:00.833  2380  2380 D NavStubView: setAssistantInEditMode: false
08-25 17:45:00.833  1289  1305 W MiuiBooster: "requestCpuHighFreq,final level:1,final timeoutms:500"
08-25 17:45:00.833  1289  1305 W MiuiBooster: "perf_hint_hc start"
08-25 17:45:00.833  2380  2380 I Launcher.widget: onInvisible null
08-25 17:45:00.833  2380  2380 I Launcher.widget: onInvisible null
08-25 17:45:00.835  1771  3002 I ActivityManager: Killing 19322:com.example.demo/u0a335 (adj 0): crash
08-25 17:45:00.837  1289  1305 W MiuiBooster: "perf_handle:1583877"
08-25 17:45:00.838  4591  5206 D MQSEventManager: begin call thirdappassistant
08-25 17:45:00.839  1771  1936 I BLASTSyncEngine: SyncGroup 41496:  Unfinished container:ActivityRecord{382c2a1 u0 com.miui.home/.launcher.Launcher t2}
08-25 17:45:00.839  1771  1936 I ActivityRecordImpl: isReadyForStartingWindow topActivity = ActivityRecord{382c2a1 u0 com.miui.home/.launcher.Launcher t2} isLaunchSourceTypeHome = false topActivity.mStartingWindow = null topActivity.mStartingData = null topActivity.finishing = false
08-25 17:45:00.839  1771  1936 I BLASTSyncEngine: isActivitySyncFinished isSyncFinished false ActivityRecord{382c2a1 u0 com.miui.home/.launcher.Launcher t2}
08-25 17:45:00.839   975  1050 I libPowerHal: [perfLockAcq] idx:9 hdl:1583877 hint:-1 pid:1289 tid:1305 duration:500 lock_user:miuibooster => ret_hdl:1583877
08-25 17:45:00.839   975  1050 I ExtendedPerfBoost: [thermalbreak_verification] miuibooster
08-25 17:45:00.839   975  1050 I ThermalBreakConfigReader: [getTargetfreqinfo] [getTargetfreqinfo] hint get target result freq:boost:1 cpu0:2000000 cpu4:2500000 cpumask:ff
08-25 17:45:00.839   975  1050 I ExtendedPerfBoost: [thermalbreak_verification] needbreak curr breakmode 2, scence id 0, set: boost:1 cpu0:2000000 cpu4:2500000 cpumask:ff
08-25 17:45:00.839   975  1050 I ExtendedPerfBoost: [triggerList_add] [triggerList_add] come into triggerList_add
08-25 17:45:00.839  1771  1933 D DisplayManagerService: Drop pending events for gone uid 10335
08-25 17:45:00.839   975  1050 I ExtendedPerfBoost: [triggerList_add] get item from freelist 0x793db5b608
08-25 17:45:00.840   975  1050 I ExtendedPerfBoost: [triggerList_add] init new item prio:1, duration:500, param:boost:1 cpu0:2000000 cpu4:2500000 cpumask:ff
08-25 17:45:00.840   975  1050 I ExtendedPerfBoost: [trig_thermalbreak] curr target time is same last target time
08-25 17:45:00.840   975  1050 I ExtendedPerfBoost: [setThermalBreak] [setThermalBreak] : boost:1 cpu0:2000000 cpu4:2500000 cpumask:ff
08-25 17:45:00.840  4823  4823 I LauncherOverlayCallback: handleMessage WHAT_ACTIVITY_STATE_CHANGED what：3
08-25 17:45:00.840  4823  4823 D LauncherOverlay.Window: onResume
08-25 17:45:00.840  1771  3002 V ActivityManager: Bringing down ServiceRecord{e59f02e u0 com.example.demo/id.flutter.flutter_background_service.BackgroundService} android.content.Intent$FilterComparison@4434fbb9
08-25 17:45:00.840  1771  3002 V ActivityManager: java.lang.RuntimeException
08-25 17:45:00.840  1771  3002 V ActivityManager: 	at com.android.server.am.ActiveServices.bringDownServiceLocked(ActiveServices.java:5842)
08-25 17:45:00.840  1771  3002 V ActivityManager: 	at com.android.server.am.ActiveServices.killServicesLocked(ActiveServices.java:6780)
08-25 17:45:00.840  1771  3002 V ActivityManager: 	at com.android.server.am.ActivityManagerService.cleanUpApplicationRecordLocked(ActivityManagerService.java:13817)
08-25 17:45:00.840  1771  3002 V ActivityManager: 	at com.android.server.am.ActivityManagerService.handleAppDiedLocked(ActivityManagerService.java:3583)
08-25 17:45:00.840  1771  3002 V ActivityManager: 	at com.android.server.am.ProcessList.removeProcessLocked(ProcessList.java:3250)
08-25 17:45:00.840  1771  3002 V ActivityManager: 	at com.android.server.am.ProcessList.removeProcessLocked(ProcessList.java:3199)
08-25 17:45:00.840  1771  3002 V ActivityManager: 	at com.android.server.am.AppErrors.handleAppCrashLSPB(AppErrors.java:945)
08-25 17:45:00.840  1771  3002 V ActivityManager: 	at com.android.server.am.AppErrors.makeAppCrashingLocked(AppErrors.java:786)
08-25 17:45:00.840  1771  3002 V ActivityManager: 	at com.android.server.am.AppErrors.crashApplicationInner(AppErrors.java:655)
08-25 17:45:00.840  1771  3002 V ActivityManager: 	at com.android.server.am.AppErrors.crashApplication(AppErrors.java:580)
08-25 17:45:00.840  1771  3002 V ActivityManager: 	at com.android.server.am.ActivityManagerService.handleApplicationCrashInner(ActivityManagerService.java:9529)
08-25 17:45:00.840  1771  3002 V ActivityManager: 	at com.android.server.am.ActivityManagerService.handleApplicationCrash(ActivityManagerService.java:9403)
08-25 17:45:00.840  1771  3002 V ActivityManager: 	at android.app.IActivityManager$Stub.onTransact(IActivityManager.java:3200)
08-25 17:45:00.840  1771  3002 V ActivityManager: 	at com.android.server.am.ActivityManagerService.onTransact(ActivityManagerService.java:2914)
08-25 17:45:00.840  1771  3002 V ActivityManager: 	at android.os.Binder.execTransactInternal(Binder.java:1346)
08-25 17:45:00.840  1771  3002 V ActivityManager: 	at android.os.Binder.execTransact(Binder.java:1282)
08-25 17:45:00.840  1771  3002 V ActivityManager: Removed service that is not running: ServiceRecord{e59f02e u0 com.example.demo/id.flutter.flutter_background_service.BackgroundService}
08-25 17:45:00.840   975  1050 I libPowerHal: [setClusterFreq] miuibooster set cpufreq[0] min:2000000 max:-1 cpufreq[1] min:2500000 max:-1 
08-25 17:45:00.841  4823  4823 I LauncherOverlayCallback: handleMessage WHAT_LAUNCHER_STATE what：3
08-25 17:45:00.841   966   966 I vendor.mediatek.hardware.mtkpower_applist-service.mediatek: packName: com.example.demo actName: com.example.demo pid: 19322 uid: 10335 state: 3
08-25 17:45:00.841  4823  4823 D LauncherOverlay.Window: launcherState 3
08-25 17:45:00.841   966   966 I MTK_APPList: [notifyAPPstate] com.example.demo/com.example.demo, pid=19322, uid=10335, state:DEAD, fps:-1, win:1
08-25 17:45:00.841   966   966 I MTK_APPList: [notifyAPPstate] multi_resumed_app_count: 5
08-25 17:45:00.841  4823  4823 D LauncherOverlay.Window: resumedStateNow 0,resumedStateNew = 1
08-25 17:45:00.841   966   966 I MTK_APPList: [notifyAPPstate] multi_resumed_app_info[0] com.smzdm.client.android/com.smzdm.client.android.module.search.input.SearchActivity, pid:17638, fps:120, isMultiWindow:1
08-25 17:45:00.841   966   966 I MTK_APPList: [notifyAPPstate] multi_resumed_app_info[1] com.xiaomi.bluetooth/com.android.bluetooth.ble.app.mihome.MiuiMiHomeActivity, pid:6523, fps:-1, isMultiWindow:1
08-25 17:45:00.841   966   966 I MTK_APPList: [notifyAPPstate] multi_resumed_app_info[2] com.tencent.mm/com.tencent.mm.plugin.appbrand.ui.AppBrandUI00, pid:1866, fps:120, isMultiWindow:1
08-25 17:45:00.841   966   966 I MTK_APPList: [notifyAPPstate] multi_resumed_app_info[3] com.taobao.taobao/com.taobao.android.detail.alittdetail.TTDetailActivity, pid:22715, fps:-1, isMultiWindow:1
08-25 17:45:00.841   966   966 I MTK_APPList: [notifyAPPstate] multi_resumed_app_info[4] com.example.demo/com.example.demo.MainActivity, pid:12757, fps:-1, isMultiWindow:1
08-25 17:45:00.841   966   966 I MTK_APPList: [getForegroundAPPCount] 5
08-25 17:45:00.841   966   966 I MTK_APPList: [notifyAPPstate] pack:com.example.demo, pid:19322, STATE_DEAD
08-25 17:45:00.841   966   966 I MTK_APPList: [notifyNetdUID] 10335
08-25 17:45:00.841  2380  2380 D VRI[Launcher]: vri.reportNextDraw android.view.ViewRootImpl.handleResized:2365 android.view.ViewRootImpl.-$$Nest$mhandleResized:0 android.view.ViewRootImpl$ViewRootHandler.handleMessageImpl:6901 android.view.ViewRootImpl$ViewRootHandler.handleMessage:6870 android.os.Handler.dispatchMessage:106 
08-25 17:45:00.841  1771  3002 I mtkpower_client: [PowerHal_Wrap_notifyAppState] com.example.demo/com.example.demo pid=19322 state:3
08-25 17:45:00.842   966   966 I MTK_APPList: [notifyPID] 19322
08-25 17:45:00.842  2380  3034 D MiBridge: requestCpuHighFreq handle: 1
08-25 17:45:00.842  2380  3034 D Launcher_CPUBooster: boostCpuToMax:0
08-25 17:45:00.842   975  1050 I libPowerHal: [perfSetSysInfo] pid type:24, 19322
08-25 17:45:00.842  1771  2143 I MiuiNetworkPolicy: removeUidState uid = 10335
08-25 17:45:00.842  1771  3002 D WindowManager: Set transition=TransitionRecord{f72c065 id=41496 type=CLOSE flags=0x10}, ready=true, SyncId=41496 
08-25 17:45:00.842  1771  1933 I NetworkBoostStatusManager: onUidGone uid: 10335
08-25 17:45:00.843 24600 24631 D MyLog   : -->log(1): [Tid:167749] [KeepAliveManager] -->onProcessDied(), pid=19322, uid=10335
08-25 17:45:00.843  1771  6000 I PowerHalWrapper: amsBoostStop AMS_BOOST_PACK_SWITCH:true, AMS_BOOST_ACT_SWITCH:false, AMS_BOOST_PROCESS_CREATE:true 
08-25 17:45:00.843   975   982 I libPowerHal: [mtkPowerHint] hint:22, hold:500, ext:30, ext_hold:1500
08-25 17:45:00.843  7677 27146 D UidObserver: onUidGone entry uid = 10335
08-25 17:45:00.843   975   982 I libPowerHal: [mtkPowerHint] hint:21, hold:6000, ext:30, ext_hold:30000
08-25 17:45:00.843  1771  1935 D DisplayModeDirectorImpl: use smart display refresh rate policy
08-25 17:45:00.844  4823  7297 I travelService_ActivityObserverUtils: activityResumed ComponentInfo{com.miui.home/com.miui.home.launcher.Launcher}
08-25 17:45:00.844  4823  7297 I travelService_TopActivityMonitor: user change app but last app use time not enough
08-25 17:45:00.844   975  1050 I libPowerHal: [perfLockAcq] idx:10 hdl:1583878 hint:22 pid:975 tid:975 duration:500 lock_user:vendor.mediatek => ret_hdl:1583878
08-25 17:45:00.844   975  1050 I libPowerHal: [setClusterFreq] MTKPOWER_HINT_PACK_SWITCH set cpufreq[0] min:2000000 max:-1 cpufreq[1] min:2500000 max:-1 
08-25 17:45:00.844   975  1050 I libPowerHal: [perfLockRel] hdl:1583876, idx:5
08-25 17:45:00.844  1771  2143 I MiuiNetworkPolicyTrafficLimit: updateWhiteListUidForMobileTraffic uid=10335,add=false
08-25 17:45:00.844   975  1050 I libPowerHal: [perfLockAcq] idx:12 hdl:1583879 hint:30 pid:975 tid:975 duration:1500 lock_user:vendor.mediatek => ret_hdl:1583879
08-25 17:45:00.844  4823  4823 D VRI[personalassistant]: vri.reportNextDraw android.view.ViewRootImpl.handleResized:2365 android.view.ViewRootImpl.-$$Nest$mhandleResized:0 android.view.ViewRootImpl$ViewRootHandler.handleMessageImpl:6901 android.view.ViewRootImpl$ViewRootHandler.handleMessage:6870 android.os.Handler.dispatchMessage:106 
08-25 17:45:00.844   975  1050 I libPowerHal: [perfLockAcq] idx:13 hdl:1583880 hint:21 pid:975 tid:975 duration:6000 lock_user:vendor.mediatek => ret_hdl:1583880
08-25 17:45:00.844   975  1050 I libPowerHal: [setClusterFreq] MTKPOWER_HINT_PROCESS_CREATE set cpufreq[0] min:2000000 max:-1 cpufreq[1] min:2500000 max:-1 
08-25 17:45:00.844   975  1050 I libPowerHal: [perfLockRel] hdl:1583868, idx:4
08-25 17:45:00.845   975  1050 I libPowerHal: [perfLockAcq] idx:14 hdl:1583881 hint:30 pid:975 tid:975 duration:30000 lock_user:vendor.mediatek => ret_hdl:1583881
08-25 17:45:00.845   975  1050 I libPowerHal: [perfLockRel] hdl:1583880, idx:13
08-25 17:45:00.846 24600 24631 D AppUpdateXmsfLauncher: activityResumed intent : Intent { cmp=com.miui.home/.launcher.Launcher (has extras) }
08-25 17:45:00.846 25833 26039 D IdProviderImpl: getOAID from com.miui.analytics
08-25 17:45:00.846  4603  6308 E TmsNfcService: defaultRouteStr :eSE
08-25 17:45:00.846  4603  6308 D NfcService: Current SE ID from tms Stack: 1
08-25 17:45:00.846   930  2637 E traffic : remove TrafficMobileLimiter whitelist 10335
08-25 17:45:00.847  2380  2380 D VRI[Launcher]: vri.Setup new sync=wmsSync-VRI[Launcher]#91
08-25 17:45:00.847 15754 18457 I VA_ActivityStateHelper: activityResumed componentName ComponentInfo{com.miui.home/com.miui.home.launcher.Launcher}
08-25 17:45:00.847 15754 18457 I VA_ActivityStateHelper: activityResumed mAiSkillPush is false
08-25 17:45:00.848  1771  3094 I SLM-SRV-SLSAppLib: SLM_Ai_Mode EVENT_CHECK_GMAE_AI_MODE_STATUS
08-25 17:45:00.848  2380  2380 D VRI[Launcher]: vri.reportDrawFinished
08-25 17:45:00.848  1771  3094 I SLM-SRV-SLSAppLib: SLM_Ai_Mode checkGameAiModeStatus mGameAiModeCloudControl:false mLinkTurboAiModeSwitch:false mGameAiModeInterfaceReady:false mGameStartBattle:false powerMgrGameUid:0
08-25 17:45:00.848  1771  6227 W WindowManager: finishDrawingWindow: Window{9be5235 u0 com.miui.home/com.miui.home.launcher.Launcher} mDrawState=HAS_DRAWN
08-25 17:45:00.847  5034  8550 I ProcessMonitor: onForegroundInfoChanged: ForegroundInfo{mForegroundPackageName='com.miui.home', mForegroundUid=10132, mForegroundPid=2380, mLastForegroundPackageName='com.example.demo', mLastForegroundUid=10335, mLastForegroundPid=19322, mMultiWindowForegroundPackageName='null', mMultiWindowForegroundUid=-1, mFlags=0}
08-25 17:45:00.849  2380  2380 D RecentsImpl: mActivityStateObserver com.miui.home.launcher.Launcher
08-25 17:45:00.848 24600 24630 D services: [XMS][observer] ActivityObserver activityResumed packageName: com.miui.home
08-25 17:45:00.849  2380  2380 W RecentsImpl: onResumed className=com.miui.home.launcher.Launcher   mIsInAnotherPro=false   isKeyguardLocked=false   mSecuritySpaceGuideShown=false
08-25 17:45:00.849  2380  2380 D Launcher: notifyBackGestureStatus
08-25 17:45:00.850  2380  2894 E Launcher: notifyBackGestureStatus:run usingFsGesture=true   show=true   focus=false   pause=false
08-25 17:45:00.850  2380  2894 D Launcher: notifyFsGestureHomeStatus    enableBackGesture=false   isSupportRecentsAndFsGesture=true
08-25 17:45:00.848 31554 31898 D BluetoothLatencyMode: ForegroundInfo{mForegroundPackageName='com.miui.home', mForegroundUid=10132, mForegroundPid=2380, mLastForegroundPackageName='com.example.demo', mLastForegroundUid=10335, mLastForegroundPid=19322, mMultiWindowForegroundPackageName='null', mMultiWindowForegroundUid=-1, mFlags=0}
08-25 17:45:00.850  2380  2894 W RecentsImpl: updateFsgWindowVisibilityState   isEnter=false   typeFrom=typefrom_home   isOpen=true   mIsInAnotherPro=false   mIsStatusBarExpansion=false
08-25 17:45:00.850 31554 31898 W LeAudioService: getLeAudioService(): service is NULL
08-25 17:45:00.850 31554 31898 D BluetoothLatencyMode: isWiredAudioHeadset.type: 1
08-25 17:45:00.850 31554 31898 D BluetoothLatencyMode: isWiredAudioHeadset.type: 2
08-25 17:45:00.850 31554 31898 D BluetoothLatencyMode: isWiredAudioHeadset.type: 18
08-25 17:45:00.850  1771  2143 D MiuiNetworkPolicyTrafficLimit: updateWhiteListUidForMobileTraffic rst=true
08-25 17:45:00.850  2751  3517 D MiuiFreeformModeObserver: activityResumed() intent： Intent { cmp=com.miui.home/.launcher.Launcher (has extras) }
08-25 17:45:00.851  1771  2249 I NetworkBoostStatusManager: onForegroundInfoChanged uid:10132, isColdStart:false
08-25 17:45:00.851  1771  2249 I SLM-SRV-SLAToast: foreground uid:10132, isColdStart:false, isLinkTurboEnable:false
08-25 17:45:00.851  1771  2249 D NetworkSDKService: handleMultiAppsDualWifi isSet = false isEverOpened = false
08-25 17:45:00.851  4823  7297 I ActivityObserverUtil: activityResumed ComponentInfo{com.miui.home/com.miui.home.launcher.Launcher}
08-25 17:45:00.851  4823  7297 I TopActivityMonitor: send TopActivityChangeEvent=TopActivityChangeEvent(prev=ComponentInfo{com.example.demo/com.example.demo.MainActivity}, current=ComponentInfo{com.miui.home/com.miui.home.launcher.Launcher},appChanged=true)
08-25 17:45:00.847  7677 24534 D PerfEngineController: ForegroundInfo{mForegroundPackageName='com.miui.home', mForegroundUid=10132, mForegroundPid=2380, mLastForegroundPackageName='com.example.demo', mLastForegroundUid=10335, mLastForegroundPid=19322, mMultiWindowForegroundPackageName='null', mMultiWindowForegroundUid=-1, mFlags=0}
08-25 17:45:00.852 24002  5475 D auth    : [XMS][Auth] ActivityObserver activityResumed packageName: com.miui.home
08-25 17:45:00.852  1771  1936 D WindowManager: Final targets: [Task{20f8a29 #1 type=home}, DefaultTaskDisplayArea@251530737]
08-25 17:45:00.853  1026  3100 E BufferQueueDebug: [Transition Root #41496: DefaultTaskDisplayArea#466500](this:0xb40000717e079a50,id:-1,api:0,p:-1,c:-1) id info cannot be read from 'Transition Root #41496: DefaultTaskDisplayArea#466500'
08-25 17:45:00.853 13339 17221 I ThirdAppAssistant: ThirdAppAssistantProvider ThirdAppAssistant is queried
08-25 17:45:00.853  1026  3100 I BufferQueueDebug: [Transition Root #41496: DefaultTaskDisplayArea#466500](this:0xb40000717e079a50,id:-1,api:0,p:-1,c:-1) BufferQueue core=(1026:/system/bin/surfaceflinger)
08-25 17:45:00.855  1771  1958 I libprocessgroup: Successfully killed process cgroup uid 10335 pid 19322 in 17ms
08-25 17:45:00.855  4823  4823 D VRI[personalassistant]: vri.Setup new sync=wmsSync-VRI[personalassistant]#18
08-25 17:45:00.855 29113 24291 I AICall_MemoryTrim: binder:29113_4 onAppBackground()
08-25 17:45:00.856  5034  8550 I GameBoosterService: onForegroundInfoChanged: Cur=com.miui.home	 last=com.example.demo
08-25 17:45:00.856  1771  1936 D WindowManager: Calling onTransitionReady info={id=41496 t=CLOSE f=0x10 trk=0 r=[0@Point(0, 0)] c=[{WCT{RemoteToken{f649528 Task{20f8a29 #1 type=home}}} m=TO_FRONT f=SHOW_WALLPAPER p=WCT{RemoteToken{835e241 DefaultTaskDisplayArea@251530737}} leash=Surface(name=Task=1#46)/@0x2a28b22 sb=Rect(0, 0 - 1220, 2712) eb=Rect(0, 0 - 1220, 2712) d=0},{WCT{RemoteToken{835e241 DefaultTaskDisplayArea@251530737}} m=TO_FRONT f=SHOW_WALLPAPER leash=Surface(name=DefaultTaskDisplayArea#9)/@0xba355c0 sb=Rect(0, 0 - 1220, 2712) eb=Rect(0, 0 - 1220, 2712) d=0}] noAni=[false] df=[false] mk=[false] nc=[0] oa=[false]}, mToken=Token{2b1971d TransitionRecord{f72c065 id=41496 type=CLOSE flags=0x10}}
08-25 17:45:00.856  4823  4823 D VRI[personalassistant]: vri.reportDrawFinished
08-25 17:45:00.857  1771  1936 I BLASTSyncEngine: finishNow: after onTransactionReady, mSyncId=41496
08-25 17:45:00.857  1771  6227 I ClipboardServiceI: checkProviderWakePathForClipboard: primaryClip is null
08-25 17:45:00.858  1771  3002 W WindowManager: finishDrawingWindow: Window{1dbb4dc u0 LauncherOverlayWindow:com.miui.personalassistant} mDrawState=HAS_DRAWN
08-25 17:45:00.858  5034  8550 D GameBoosterService: onGameStatusChange foreground:ForegroundInfo{mForegroundPackageName='com.miui.home', mForegroundUid=10132, mForegroundPid=2380, mLastForegroundPackageName='com.example.demo', mLastForegroundUid=10335, mLastForegroundPid=19322, mMultiWindowForegroundPackageName='null', mMultiWindowForegroundUid=-1, mFlags=0}
08-25 17:45:00.859  2751  2872 V WindowManagerShell: onTransitionReady android.os.BinderProxy@5dad4ed: {id=41496 t=CLOSE f=0x10 trk=0 r=[0@Point(0, 0)] c=[{WCT{android.window.IWindowContainerToken$Stub$Proxy@500c20f} m=TO_FRONT f=SHOW_WALLPAPER p=WCT{android.window.IWindowContainerToken$Stub$Proxy@30d629c} leash=Surface(name=Task=1#46)/@0x6d3bf70 sb=Rect(0, 0 - 1220, 2712) eb=Rect(0, 0 - 1220, 2712) d=0},{WCT{android.window.IWindowContainerToken$Stub$Proxy@166b4a5} m=TO_FRONT f=SHOW_WALLPAPER leash=Surface(name=DefaultTaskDisplayArea#9)/@0xd1cd2e9 sb=Rect(0, 0 - 1220, 2712) eb=Rect(0, 0 - 1220, 2712) d=0}] noAni=[false] df=[false] mk=[false] nc=[0] oa=[false]}
08-25 17:45:00.859  2751  2872 V WindowManagerShell: onTransitionReady startT:7606390255740, finishT:7606390255741
08-25 17:45:00.859  2751  2872 D MiuiFreeFormManager:  isHideStackFromFullScreen taskId=1
08-25 17:45:00.859  2751  2872 V WindowManagerShell: Transition (#41496)android.os.BinderProxy@5dad4ed@0 ready while (#41495)android.os.BinderProxy@952163c@0 is still animating. Notify the animating transition in case they can be merged
08-25 17:45:00.860  2751  2872 V WindowManagerShell:    Merge into remote: RemoteTransition { remoteTransition = android.window.IRemoteTransition$Stub$Proxy@1adf04b, appThread = null, debugName = null, hyperRemoteTransition = null }
08-25 17:45:00.861  5034  8550 I VideoBoxUtils: isSupportVideoBox: false
08-25 17:45:00.862  7708  7727 I GST     : forePkg: com.miui.home, preForePkg: com.example.demo
08-25 17:45:00.863  2380 25469 D AppObserver: ForegroundInfo{mForegroundPackageName='com.miui.home', mForegroundUid=10132, mForegroundPid=2380, mLastForegroundPackageName='com.example.demo', mLastForegroundUid=10335, mLastForegroundPid=19322, mMultiWindowForegroundPackageName='null', mMultiWindowForegroundUid=-1, mFlags=0}
08-25 17:45:00.863   944  1461 I android.hardware.graphics.composer@3.2-service: Sensor: notify citsensorservice to trigger cwb
08-25 17:45:00.864  1771  1904 V WindowManager: Sent Transition #41496 createdAt=08-25 17:45:00.821 via request=TransitionRequestInfo { type = CLOSE, triggerTask = null, remoteTransition = null, displayChange = null }
08-25 17:45:00.864  1404  2105 I libsensor-displayalgo: mframeBufferManager request
08-25 17:45:00.864  1771  1904 V WindowManager:     startWCT=WindowContainerTransaction { changes = {} hops = [] errorCallbackToken=null taskFragmentOrganizer=null }
08-25 17:45:00.864  1404  2108 I libsensor-frameBufferManager: request dump start
08-25 17:45:00.864  1404  2108 D libcomposer_ext: ClientImplAidl::getDispDumpEnable()
08-25 17:45:00.864  1771  1904 V WindowManager:     info={id=41496 t=CLOSE f=0x10 trk=0 r=[0@Point(0, 0)] c=[{WCT{RemoteToken{f649528 Task{20f8a29 #1 type=home}}} m=TO_FRONT f=SHOW_WALLPAPER p=WCT{RemoteToken{835e241 DefaultTaskDisplayArea@251530737}} leash=Surface(name=Task=1#46)/@0x2a28b22 sb=Rect(0, 0 - 1220, 2712) eb=Rect(0, 0 - 1220, 2712) d=0},{WCT{RemoteToken{835e241 DefaultTaskDisplayArea@251530737}} m=TO_FRONT f=SHOW_WALLPAPER leash=Surface(name=DefaultTaskDisplayArea#9)/@0xba355c0 sb=Rect(0, 0 - 1220, 2712) eb=Rect(0, 0 - 1220, 2712) d=0}] noAni=[false] df=[false] mk=[false] nc=[0] oa=[false]}
08-25 17:45:00.864  2380 25494 I RemoteAnimationAdapterCompat: HomeShellTransition IRemoteTransition mergeAnimation
08-25 17:45:00.864   944  4465 D libcomposer_ext: DeviceImplAidl::syncPerform(13), client_handle: 1
08-25 17:45:00.864   944  4465 E libcomposer_ext: DeviceImplAidl::DeviceClientContextAidl::ParseGetDispDumpEnable()
08-25 17:45:00.864   944  4465 I hwcomposer: [HWC] getDispDumpEnable(), dpy 1, enable 1, (0,0,160,130), (160, 130), 3  
08-25 17:45:00.864   944  4465 I hwcomposer: [DRMDEV] isSupportWbParams(), id_crtc 113, id_connector 32, dump_point 0, src(160, 130), dst(160, 130), config 0  
08-25 17:45:00.864   944  4465 E hwcomposer: [DRMDEV] isSupportWbParams(), disp(1220, 2712)  
08-25 17:45:00.864  7677  7899 D PowerKeeper.Audio: pids 0
08-25 17:45:00.864   944  4465 I hwcomposer: [DISP_DUMP] setEnable(), dpy(0), enable 1, src(0, 0, 160, 130), dst(160, 130), fmt 0x3  
08-25 17:45:00.864  2380 25494 D RemoteAnimationAdapterCompat: printLeash::TransitionInfo = {id=41496 t=CLOSE f=0x10 trk=0 r=[0@Point(0, 0)] c=[{WCT{android.window.IWindowContainerToken$Stub$Proxy@22b3b83} m=TO_FRONT f=SHOW_WALLPAPER p=WCT{android.window.IWindowContainerToken$Stub$Proxy@2dc7100} leash=Surface(name=Task=1#46)/@0x84a4d39 sb=Rect(0, 0 - 1220, 2712) eb=Rect(0, 0 - 1220, 2712) d=0},{WCT{android.window.IWindowContainerToken$Stub$Proxy@e406f7e} m=TO_FRONT f=SHOW_WALLPAPER leash=Surface(name=DefaultTaskDisplayArea#9)/@0xcdc0cdf sb=Rect(0, 0 - 1220, 2712) eb=Rect(0, 0 - 1220, 2712) d=0}] noAni=[false] df=[false] mk=[false] nc=[0] oa=[false]}
08-25 17:45:00.864  2380 25494 D RemoteAnimationAdapterCompat: printLeash::index = 0, change = {WCT{android.window.IWindowContainerToken$Stub$Proxy@22b3b83} m=TO_FRONT f=SHOW_WALLPAPER p=WCT{android.window.IWindowContainerToken$Stub$Proxy@2dc7100} leash=Surface(name=Task=1#46)/@0x84a4d39 sb=Rect(0, 0 - 1220, 2712) eb=Rect(0, 0 - 1220, 2712) d=0}
08-25 17:45:00.864  1404  2108 E libsensor-frameBufferManager: frameBufferManager_sensor_debug : first_time getDispDump Enable ret = 0
08-25 17:45:00.864  1404  2108 D libcomposer_ext: ClientImplAidl::getDispDump(), dpy 1, dst (160, 130), dump_point 1, release_fence -1
08-25 17:45:00.864  2380  2894 W RecentsModel: getRunningTask   taskInfo=TaskInfo{userId=0 taskId=2 displayId=0 isRunning=true baseIntent=Intent { act=android.intent.action.MAIN cat=[android.intent.category.HOME] flg=0x10000100 cmp=com.miui.home/.launcher.Launcher } baseActivity=ComponentInfo{com.miui.home/com.miui.home.launcher.Launcher} topActivity=ComponentInfo{com.miui.home/com.miui.home.launcher.Launcher} origActivity=null realActivity=ComponentInfo{com.miui.home/com.miui.home.launcher.Launcher} numActivities=1 lastActiveTime=2339808175 supportsSplitScreenMultiWindow=true supportsMultiWindow=true resizeMode=2 isResizeable=true minWidth=-1 minHeight=-1 defaultMinSize=200 token=WCT{android.window.IWindowContainerToken$Stub$Proxy@cf983f5} topActivityType=2 pictureInPictureParams=null shouldDockBigOverlays=false launchIntoPipHostTaskId=-1 lastParentTaskIdBeforePip=-1 displayCutoutSafeInsets=null topActivityInfo=ActivityInfo{f0058a com.miui.home.launcher.Launcher} launchCookies=[] positionInParent=Point(0, 0) parentTaskId=-1 isFocused=false isVisible=true isVisibleRequested=true isSleeping=false topActivityInSizeCompat=false topActivityEligibleForLetterboxEducation= false topActivityLetterboxed= false isFromDoubleTap= false topActivityLetterboxVerticalPosition= -1 topActivityLetterboxHorizontalPosition= -1 topActivityLetterboxWidth=-1 topActivityLetterboxHeight=-1 locusId=null displayAreaFeatureId=1 cameraCompatControlState=hidden mIsCastMode=false mTopActivityMediaSize=null mTopActivityRecordName=ActivityRecord{382c2a1 u0 com.miui.home/.launcher.Launcher t2} mTopActivityOrientation=1 mTopActivityWindowIsNowVisible=false isTranslucent=false isEmbedded=false shouldBeVisible=true isImmersive=false mBehindAppLockPkg=null mOriginatingUid=0}
08-25 17:45:00.864 21238 21261 I htmlviewercloudcontrol: isStagingEnv:false param =  taa_SwitchStatus  uriMatch = 2, cluster: cn, version: 582670, traceId: 6f2379f106870f670bf62834b0d4d0ee, regId: Hl0Pgoa7ZHevxyNm8hAYXAR7lHf7qqiPOCBNwBliblfcrP6DbOicg0yqTrPo5vxs
08-25 17:45:00.864  2380  2894 W RecentsModel: getTaskInfoIgnoreFreeform   taskInfo=ComponentInfo{com.miui.home/com.miui.home.launcher.Launcher}
08-25 17:45:00.864  2380 25494 D RemoteAnimationAdapterCompat: printLeash::taskInfo = TaskInfo{userId=0 taskId=1 displayId=0 isRunning=true baseIntent=Intent { act=android.intent.action.MAIN cat=[android.intent.category.HOME] flg=0x10000100 cmp=com.miui.home/.launcher.Launcher } baseActivity=ComponentInfo{com.miui.home/com.miui.home.launcher.Launcher} topActivity=ComponentInfo{com.miui.home/com.miui.home.launcher.Launcher} origActivity=null realActivity=null numActivities=1 lastActiveTime=53502 supportsSplitScreenMultiWindow=true supportsMultiWindow=true resizeMode=2 isResizeable=true minWidth=-1 minHeight=-1 defaultMinSize=200 token=WCT{android.window.IWindowContainerToken$Stub$Proxy@9179d2c} topActivityType=2 pictureInPictureParams=null shouldDockBigOverlays=false launchIntoPipHostTaskId=-1 lastParentTaskIdBeforePip=-1 displayCutoutSafeInsets=null topActivityInfo=ActivityInfo{a9e97fb com.miui.home.launcher.Launcher} launchCookies=[] positionInParent=Point(0, 0) parentTaskId=-1 isFocused=false isVisible=true isVisibleRequested=true isSleeping=false topActivityInSizeCompat=false topActivityEligibleForLetterboxEducation= false topActivityLetterboxed= false isFromDoubleTap= false topActivityLetterboxVerticalPosition= -1 topActivityLetterboxHorizontalPosition= -1 topActivityLetterboxWidth=-1 topActivityLetterboxHeight=-1 locusId=null displayAreaFeatureId=1 cameraCompatControlState=hidden mIsCastMode=false mTopActivityMediaSize=null mTopActivityRecordName=ActivityRecord{382c2a1 u0 com.miui.home/.launcher.Launcher t2} mTopActivityOrientation=1 mTopActivityWindowIsNowVisible=true isTranslucent=false isEmbedded=false shouldBeVisible=true isImmersive=false mBehindAppLockPkg=null mOriginatingUid=0}
08-25 17:45:00.864  2380  2894 W RecentsImpl: getTopActivity from AMS.   cn=ComponentInfo{com.miui.home/com.miui.home.launcher.Launcher}
08-25 17:45:00.865  2380 25494 D RemoteAnimationAdapterCompat: printLeash::index = 1, change = {WCT{android.window.IWindowContainerToken$Stub$Proxy@e406f7e} m=TO_FRONT f=SHOW_WALLPAPER leash=Surface(name=DefaultTaskDisplayArea#9)/@0xcdc0cdf sb=Rect(0, 0 - 1220, 2712) eb=Rect(0, 0 - 1220, 2712) d=0}
08-25 17:45:00.865  5034  8550 I VideoToolBoxService: vtb is closed!!!
08-25 17:45:00.865   944  4465 D libcomposer_ext: DeviceImplAidl::syncPerform(14), client_handle: 1
08-25 17:45:00.865   944  4465 D libcomposer_ext: DeviceImplAidl::DeviceClientContextAidl::ParseGetDispDump()
08-25 17:45:00.865  2380  2380 D RecentsImpl: showNavStubView
08-25 17:45:00.865   944  4465 D libcomposer_ext: DeviceImplAidl::ParseGetDispDump(), dpy 1, dst (160, 130), dump_point 1
08-25 17:45:00.865  2380  2986 D RecentsImpl: hideBackStubWindow
08-25 17:45:00.865  2380  2380 D NavStubView_Touch: setKeepHidden    old=false   new=false
08-25 17:45:00.865  2380 25494 E RemoteAnimationAdapterCompat: printLeash::index = 0, root = {WCT{android.window.IWindowContainerToken$Stub$Proxy@22b3b83} m=TO_FRONT f=SHOW_WALLPAPER p=WCT{android.window.IWindowContainerToken$Stub$Proxy@2dc7100} leash=Surface(name=Task=1#46)/@0x84a4d39 sb=Rect(0, 0 - 1220, 2712) eb=Rect(0, 0 - 1220, 2712) d=0}
08-25 17:45:00.865  2380 25494 D Launcher.Boost: setDynamicVIPTaskIfNeeded::duration = 150
08-25 17:45:00.865   944  4465 I hwcomposer: [HWC] getDispDump(), dpy 1, (795,3,955,133), (160, 130), (1, 2), (-1), (-1), (0xb40000712e21c7c0)  
08-25 17:45:00.865   944  4465 I hwcomposer: [DRMDEV] isSupportWbParams(), id_crtc 113, id_connector 32, dump_point 1, src(160, 130), dst(160, 130), config 0  
08-25 17:45:00.865   944  4465 E hwcomposer: [DRMDEV] isSupportWbParams(), disp(1220, 2712)  
08-25 17:45:00.865   944  4465 I hwcomposer: [DISP_DUMP] setDumpBuf(), dpy(0), src(795, 3, 955, 133), dst(160, 130), (1, 2), -1, (-1), (0xb40000712e21c7c0)  
08-25 17:45:00.865   944  4465 I hwcomposer: [HWC] (0)fire a callback of refresh to SF[9]  
08-25 17:45:00.866  1771  1935 D DisplayModeDirectorImpl: use smart display refresh rate policy
08-25 17:45:00.867  2380 25494 I ConnectAnimFinishCallbackManager: mNeedShowLauncher = false
08-25 17:45:00.867  2380 25494 I ConnectAnimFinishCallbackManager: get is waitFinishMainAnim = false
08-25 17:45:00.867  5034 21584 D z1      : myUserId = 0	currentUserId0
08-25 17:45:00.867  2751 10437 I RecentsTransitionHandler: getRecentsAnimationController fail, controllerIdx = -1
08-25 17:45:00.867  2380 25494 I RemoteAnimationAdapterCompat: getIRecentsAnimationController = null
08-25 17:45:00.867  2380 25494 I RemoteAnimationAdapterCompat: 0, check isClosingType type = 2, mode = 3, taskId = 1, changes leash = Surface(name=Task=1#46)/@0x84a4d39, change = {WCT{android.window.IWindowContainerToken$Stub$Proxy@22b3b83} m=TO_FRONT f=SHOW_WALLPAPER p=WCT{android.window.IWindowContainerToken$Stub$Proxy@2dc7100} leash=Surface(name=Task=1#46)/@0x84a4d39 sb=Rect(0, 0 - 1220, 2712) eb=Rect(0, 0 - 1220, 2712) d=0}
08-25 17:45:00.867  2380 25494 I RemoteAnimationAdapterCompat: has home
08-25 17:45:00.867  2380 25494 E RemoteAnimationAdapterCompat: i = 1, changes leash = Surface(name=DefaultTaskDisplayArea#9)/@0xcdc0cdf, change = {WCT{android.window.IWindowContainerToken$Stub$Proxy@e406f7e} m=TO_FRONT f=SHOW_WALLPAPER leash=Surface(name=DefaultTaskDisplayArea#9)/@0xcdc0cdf sb=Rect(0, 0 - 1220, 2712) eb=Rect(0, 0 - 1220, 2712) d=0}, taskInfo == null
08-25 17:45:00.867  2380 25494 I RemoteAnimationAdapterCompat: home mode TO_FRONT, isOtherCase true 
08-25 17:45:00.867  2380 25494 I RemoteAnimationAdapterCompat: cancelAnimAndFinishMain for split or no home or otherCase
08-25 17:45:00.867  2380 25494 I RemoteAnimationAdapterCompat: no home or other case, finish main anim, merge anim to main anim
08-25 17:45:00.868  2380 25494 E ConnectAnimFinishCallbackManager: call executeFinishCallback, toHome = true
08-25 17:45:00.868  2380 25494 E ConnectAnimFinishCallbackManager: java.lang.Exception
08-25 17:45:00.868  2380 25494 E ConnectAnimFinishCallbackManager: 	at com.android.systemui.shared.recents.utilities.RemoteAnimationFinishCallbackManager.executeFinishCallback(RemoteAnimationFinishCallbackManager.java:160)
08-25 17:45:00.868  2380 25494 E ConnectAnimFinishCallbackManager: 	at com.android.systemui.shared.recents.utilities.RemoteAnimationFinishCallbackManager.executeFinishCallback(RemoteAnimationFinishCallbackManager.java:143)
08-25 17:45:00.868  2380 25494 E ConnectAnimFinishCallbackManager: 	at com.android.systemui.shared.recents.system.RemoteAnimationAdapterCompat$2.cancelAnimAndFinishMain(RemoteAnimationAdapterCompat.java:598)
08-25 17:45:00.868  2380 25494 E ConnectAnimFinishCallbackManager: 	at com.android.systemui.shared.recents.system.RemoteAnimationAdapterCompat$2.mergeAnimation(RemoteAnimationAdapterCompat.java:516)
08-25 17:45:00.868  2380 25494 E ConnectAnimFinishCallbackManager: 	at android.window.IRemoteTransition$Stub.onTransact(IRemoteTransition.java:147)
08-25 17:45:00.868  2380 25494 E ConnectAnimFinishCallbackManager: 	at android.os.Binder.execTransactInternal(Binder.java:1351)
08-25 17:45:00.868  2380 25494 E ConnectAnimFinishCallbackManager: 	at android.os.Binder.execTransact(Binder.java:1282)
08-25 17:45:00.868  2380 25494 I ConnectAnimFinishCallbackManager: mFinishedCallback is null
08-25 17:45:00.868  2380 25494 I ConnectAnimFinishCallbackManager: mNeedShowLauncher = false
08-25 17:45:00.868  2380 25494 I ConnectAnimFinishCallbackManager: call finishMainCallback, wct = null, sct = android.view.SurfaceControl$Transaction@92b6a71, callback = android.window.IRemoteTransitionFinishedCallback$Stub$Proxy@9b143e4, mCounterRotatorList.size = 0, mInfoExposeList.size = 1, token = android.os.BinderProxy@427d976
08-25 17:45:00.868  7708  7727 D VENUS_GAMEAI_START_GameAiStartManager: 高能时刻未安装
08-25 17:45:00.868  2380 25494 I ConnectAnimFinishCallbackManager: call onTransitionFinishedWithCallback end
08-25 17:45:00.868  2380 25494 I ConnectAnimFinishCallbackManager: execute finishMainCallbackSync return, no need post delay
08-25 17:45:00.868  2380 25494 D QuickstepAppTransitionManagerImpl: run stop running anim runnable
08-25 17:45:00.868  2380  2380 I RectFSpringAnim: endDirectly mRequestEnd end
08-25 17:45:00.868  2380  2380 I RectFSpringAnim: java.lang.Exception
08-25 17:45:00.868  2380  2380 I RectFSpringAnim: 	at com.miui.home.recents.util.RectFSpringAnim.endDirectly(RectFSpringAnim.java:884)
08-25 17:45:00.868  2380  2380 I RectFSpringAnim: 	at com.miui.home.recents.util.RectFSpringAnim.lambda$rkMu9d_b7IMRELtBYgSbVVi6Iqk(Unknown Source:0)
08-25 17:45:00.868  2380  2380 I RectFSpringAnim: 	at com.miui.home.recents.util.-$$Lambda$RectFSpringAnim$rkMu9d_b7IMRELtBYgSbVVi6Iqk.run(Unknown Source:2)
08-25 17:45:00.868  2380  2380 I RectFSpringAnim: 	at android.os.Handler.handleCallback(Handler.java:958)
08-25 17:45:00.868  2380  2380 I RectFSpringAnim: 	at android.os.Handler.dispatchMessage(Handler.java:99)
08-25 17:45:00.868  2380  2380 I RectFSpringAnim: 	at android.os.Looper.loopOnce(Looper.java:222)
08-25 17:45:00.868  2380  2380 I RectFSpringAnim: 	at android.os.Looper.loop(Looper.java:314)
08-25 17:45:00.868  2380  2380 I RectFSpringAnim: 	at android.app.ActivityThread.main(ActivityThread.java:8816)
08-25 17:45:00.868  2380  2380 I RectFSpringAnim: 	at java.lang.reflect.Method.invoke(Native Method)
08-25 17:45:00.868  2380  2380 I RectFSpringAnim: 	at com.android.internal.os.RuntimeInit$MethodAndArgsCaller.run(RuntimeInit.java:569)
08-25 17:45:00.868  2380  2380 I RectFSpringAnim: 	at com.android.internal.os.ZygoteInit.main(ZygoteInit.java:1090)
08-25 17:45:00.869  2380  2380 I QuickstepAppTransitionManagerImpl: AnimOpen, home onAnimationCancel
08-25 17:45:00.869  2380  2380 I QuickstepAppTransitionManagerImpl: java.lang.Exception
08-25 17:45:00.869  2380  2380 I QuickstepAppTransitionManagerImpl: 	at com.miui.home.recents.QuickstepAppTransitionManagerImpl$2.onAnimationCancel(QuickstepAppTransitionManagerImpl.java:836)
08-25 17:45:00.869  2380  2380 I QuickstepAppTransitionManagerImpl: 	at com.miui.home.recents.util.RectFSpringAnim.cancelDirectly(RectFSpringAnim.java:1019)
08-25 17:45:00.869  2380  2380 I QuickstepAppTransitionManagerImpl: 	at com.miui.home.recents.util.-$$Lambda$iEzCU77Nm4Mme3cfZb4_7S16aIc.run(Unknown Source:2)
08-25 17:45:00.869  2380  2380 I QuickstepAppTransitionManagerImpl: 	at android.os.Handler.handleCallback(Handler.java:958)
08-25 17:45:00.869  2380  2380 I QuickstepAppTransitionManagerImpl: 	at android.os.Handler.dispatchMessage(Handler.java:99)
08-25 17:45:00.869  2380  2380 I QuickstepAppTransitionManagerImpl: 	at android.os.Looper.loopOnce(Looper.java:222)
08-25 17:45:00.869  2380  2380 I QuickstepAppTransitionManagerImpl: 	at android.os.Looper.loop(Looper.java:314)
08-25 17:45:00.869  2380  2380 I QuickstepAppTransitionManagerImpl: 	at android.app.ActivityThread.main(ActivityThread.java:8816)
08-25 17:45:00.869  2380  2380 I QuickstepAppTransitionManagerImpl: 	at java.lang.reflect.Method.invoke(Native Method)
08-25 17:45:00.869  2380  2380 I QuickstepAppTransitionManagerImpl: 	at com.android.internal.os.RuntimeInit$MethodAndArgsCaller.run(RuntimeInit.java:569)
08-25 17:45:00.869  2380  2380 I QuickstepAppTransitionManagerImpl: 	at com.android.internal.os.ZygoteInit.main(ZygoteInit.java:1090)
08-25 17:45:00.869  2380  2380 D QuickstepAppTransitionManagerImpl: onAnimationEnd set ForGC false
08-25 17:45:00.869  2380  2380 E Launcher.Boost: setDynamicVIPContextForGC: mIsTurboSchedDisabled :false   isBoost=false   mIsDynamicVIPContextForGCDisabled=false
08-25 17:45:00.869  2380  2380 E Launcher.Boost: setDynamicVIPContextForGC: success isBoostContext:false
08-25 17:45:00.869  2380  2380 D LauncherSoscController: Shell transition animation end, run: null
08-25 17:45:00.869  2380  2380 I LauncherAppTransitionManager: setIsOpenAnimRunning = false
08-25 17:45:00.869  2380  2380 I QuickstepAppTransitionManagerImpl: AnimOpen, home onAnimationEnd
08-25 17:45:00.869  5034  8550 D AppPredictManager: ForegroundAppChange: com.miui.home, ignore !
08-25 17:45:00.869  5034  8550 I AppPredictService: difTIme = 507
08-25 17:45:00.869  2751  2872 D SoScUtils: monitorTransitionFinished transition:android.os.BinderProxy@952163c transaction: android.view.SurfaceControl$Transaction@a11702b mRequestCloseTransition:null mRequestOpenTransition:null mPairsOpenTransition:null mPairsOpenTransitionNull:null mRequestOpenTriggerTask:-1 mRequestCloseTriggerTask:-1 mOrientationTransition: null mMainStartingTask:-1 mSideStartingTask:-1
08-25 17:45:00.869  2751  2872 V WindowManagerShell: Transition animation finished (aborted=false), notifying core (#41495)android.os.BinderProxy@952163c@0
08-25 17:45:00.869  5034  7499 E SuggestManager: openApp name = com.miui.home
08-25 17:45:00.869  5034  7499 I NewAutoTaskManager: app use - delay = 9223372036854775807, doRemove = false, doPost = false
08-25 17:45:00.870   944  4465 D libcomposer_ext: DeviceImplAidl::DeviceClientContextAidl::NotifyDispDumpReady()
08-25 17:45:00.870  1771  2264 I DisplayModeDirectorImpl: SmartDisplayPolicyEnd
08-25 17:45:00.870  2380  2380 I RectFSpringAnim: MultiSpringDynamicAnimation on end
08-25 17:45:00.870  2380  2380 D QuickstepAppTransitionManagerImpl: onAnimationEnd set ForGC false
08-25 17:45:00.870  2380  2380 E Launcher.Boost: setDynamicVIPContextForGC: mIsTurboSchedDisabled :false   isBoost=false   mIsDynamicVIPContextForGCDisabled=false
08-25 17:45:00.870  2380  2380 E Launcher.Boost: setDynamicVIPContextForGC: success isBoostContext:false
08-25 17:45:00.870  2380  2380 D LauncherSoscController: Shell transition animation end, run: null
